<html lang="en">
<head>
<title>Some page with tricky encoding</title>
</head>
<body>
<script>
someFunction([[{
"playable_url":"http://localhost:0000/solrwayback/services/web/20200430130700/http://example.com/j0%5cu00253d&_nc_ohc=pnymjb_o1",
}]]);
</script>
</body>
</html>