<html lang="en">
<head>
<title>Some page with tricky URL</title>
</head>
<body>
<!-- Ampersand should be technically encoded but this is routinely not the case -->
<p><a href="http://localhost:0000/solrwayback/services/web/20200430130700/http://example.com/?foo=bar&amp;zoo=boom&amp;track=o1">Ampersand</a></p>
</body>
</html>